---
source: src/lib.rs
expression: examples
---
- - RangeableDetachedModifier:
      modifier_type: Definition
      title:
        - Token:
            Text: Term
      extensions: []
      content:
        - Paragraph:
            - Token:
                Text: Definition
- - RangeableDetachedModifier:
      modifier_type: Definition
      title:
        - Token:
            Text: Term
      extensions: []
      content:
        - Paragraph:
            - Token:
                Text: Long
            - Token: Whitespace
            - Token:
                Text: definition
