---
source: src/lib.rs
expression: examples
---
- - RangeableDetachedModifier:
      modifier_type: Table
      title:
        - Text: A1
      extensions: []
      content:
        - Paragraph:
            - Token:
                Text: Cell
            - Token: Whitespace
            - Token:
                Text: content
- - RangeableDetachedModifier:
      modifier_type: Table
      title:
        - Text: A1
      extensions: []
      content:
        - Paragraph:
            - Token:
                Text: Long
            - Token: Whitespace
            - Token:
                Text: cell
            - Token: Whitespace
            - Token:
                Text: content
            - Token:
                Special: "."
