---
source: src/main.rs
expression: examples
---
- - Heading:
      level: 1
      title:
        - Text: Heading
      extensions: []
- - Heading:
      level: 9
      title:
        - Text: Heading
      extensions: []
- - Heading:
      level: 1
      title:
        - Text: Heading
      extensions: []
  - Paragraph:
      - Text: content
      - Special: "."
- - Heading:
      level: 7
      title:
        - Text: Heading
      extensions: []
- - Heading:
      level: 1
      title:
        - Text: Heading
      extensions: []
  - Heading:
      level: 1
      title:
        - Text: Another
        - Whitespace
        - Text: heading
      extensions: []
- - Heading:
      level: 1
      title:
        - Text: Heading
      extensions: []
  - Heading:
      level: 2
      title:
        - Text: Subheading
      extensions: []
  - Heading:
      level: 1
      title:
        - Text: Back
        - Whitespace
        - Text: to
        - Whitespace
        - Text: regular
        - Whitespace
        - Text: heading
      extensions: []
- - Heading:
      level: 1
      title:
        - Text: Heading
      extensions: []
  - Paragraph:
      - Text: sneaky
      - Whitespace
      - Text: content
      - Special: "."
  - Heading:
      level: 2
      title:
        - Text: Subheading
      extensions: []
  - Paragraph:
      - Text: more
      - Whitespace
      - Text: sneaky
      - Whitespace
      - Text: content
      - Whitespace
      - Text: inside
      - Special: "."
  - Heading:
      level: 1
      title:
        - Text: Back
        - Whitespace
        - Text: to
        - Whitespace
        - Text: regular
        - Whitespace
        - Text: heading
      extensions: []
