---
source: src/lib.rs
expression: examples
---
- - RangeableDetachedModifier:
      modifier_type: Footnote
      title:
        - Token:
            Text: Title
      extensions: []
      content:
        - Paragraph:
            - Token:
                Text: Content
- - RangeableDetachedModifier:
      modifier_type: Footnote
      title:
        - Token:
            Text: Title
      extensions: []
      content:
        - Paragraph:
            - Token:
                Text: Long
            - Token: Whitespace
            - Token:
                Text: content
