---
source: src/lib.rs
expression: examples
---
- - Heading:
      level: 1
      title:
        - Text: Heading
      extensions: []
- - Heading:
      level: 9
      title:
        - Text: Heading
      extensions: []
- - Heading:
      level: 1
      title:
        - Text: Heading
      extensions: []
  - Paragraph:
      - Token:
          Text: content
      - Token:
          Special: "."
- - Heading:
      level: 7
      title:
        - Text: Heading
      extensions: []
- - Heading:
      level: 1
      title:
        - Text: Heading
      extensions: []
  - Heading:
      level: 1
      title:
        - Text: Another
        - Whitespace
        - Text: heading
      extensions: []
- - Heading:
      level: 1
      title:
        - Text: Heading
      extensions: []
  - Heading:
      level: 2
      title:
        - Text: Subheading
      extensions: []
  - Heading:
      level: 1
      title:
        - Text: Back
        - Whitespace
        - Text: to
        - Whitespace
        - Text: regular
        - Whitespace
        - Text: heading
      extensions: []
- - Heading:
      level: 1
      title:
        - Text: Heading
      extensions: []
  - Paragraph:
      - Token:
          Text: sneaky
      - Token: Whitespace
      - Token:
          Text: content
      - Token:
          Special: "."
  - Heading:
      level: 2
      title:
        - Text: Subheading
      extensions: []
  - Paragraph:
      - Token:
          Text: more
      - Token: Whitespace
      - Token:
          Text: sneaky
      - Token: Whitespace
      - Token:
          Text: content
      - Token: Whitespace
      - Token:
          Text: inside
      - Token:
          Special: "."
  - Heading:
      level: 1
      title:
        - Text: Back
        - Whitespace
        - Text: to
        - Whitespace
        - Text: regular
        - Whitespace
        - Text: heading
      extensions: []
